[technext.github.io/enlight/index.html]
[backblue.gif]
[fade.gif]
[index.html]
[technext.github.io/enlight/css/styles-merged.css]
[technext.github.io/enlight/css/style.min.css]
[technext.github.io/enlight/index-2.html]
[technext.github.io/enlight/courses.html]
[technext.github.io/enlight/teachers.html]
[technext.github.io/enlight/events.html]
[technext.github.io/enlight/about.html]
[technext.github.io/enlight/course-single.html]
[technext.github.io/enlight/gallery.html]
[technext.github.io/enlight/news.html]
[technext.github.io/enlight/contact.html]
[technext.github.io/enlight/img/slider_1.jpg]
[technext.github.io/enlight/img/slider_2.jpg]
[technext.github.io/enlight/img/slider_3.jpg]
[technext.github.io/enlight/img/img_sm_3.jpg]
[technext.github.io/enlight/img/img_sm_1.jpg]
[technext.github.io/enlight/img/img_sm_2.jpg]
[technext.github.io/enlight/img/img_sm_4.jpg]
[technext.github.io/enlight/img/person_1.jpg]
[technext.github.io/enlight/img/person_5.jpg]
[technext.github.io/enlight/img/person_6.jpg]
[technext.github.io/enlight/img/person_7.jpg]
[technext.github.io/enlight/img/slider_4.jpg]
[technext.github.io/enlight/img/person_2.jpg]
[technext.github.io/enlight/img/person_3.jpg]
[technext.github.io/enlight/js/scripts.min.js]
[technext.github.io/enlight/js/main.min.js]
[technext.github.io/enlight/js/custom.js]
[technext.github.io/enlight/index.html]
[technext.github.io/enlight/fonts/glyphicons-halflings-regular.eot]
[technext.github.io/enlight/fonts/glyphicons-halflings-regulard41d.eot]
[technext.github.io/enlight/fonts/glyphicons-halflings-regular.woff2]
[technext.github.io/enlight/fonts/glyphicons-halflings-regular.woff]
[technext.github.io/enlight/fonts/glyphicons-halflings-regular.ttf]
[technext.github.io/enlight/fonts/glyphicons-halflings-regular.svg]
[technext.github.io/enlight/fonts/icomoon/icomoon1ff5.eot]
[technext.github.io/enlight/fonts/icomoon/icomoon1ff5.ttf]
[technext.github.io/enlight/fonts/icomoon/icomoon1ff5.woff]
[technext.github.io/enlight/fonts/icomoon/icomoon1ff5.svg]
[technext.github.io/enlight/css/owl.video.play.png]
[technext.github.io/enlight/css/default-skin/default-skin.png]
[technext.github.io/enlight/css/default-skin/default-skin.svg]
[technext.github.io/enlight/css/default-skin/preloader.gif]
[technext.github.io/enlight/css/styles-merged.css]
[technext.github.io/enlight/img/logo.png]
[technext.github.io/enlight/img/logo@2x.png]
[technext.github.io/enlight/css/style.min.css]
[technext.github.io/enlight/css/custom.css]
[technext.github.io/enlight/index-2.html]
[technext.github.io/enlight/courses.html]
[technext.github.io/enlight/teachers.html]
[technext.github.io/enlight/events.html]
[technext.github.io/enlight/about.html]
[technext.github.io/enlight/course-single.html]
[technext.github.io/enlight/img/gal_img_full_1.jpg]
[technext.github.io/enlight/img/gal_img_sm_1.jpg]
[technext.github.io/enlight/img/gal_img_full_2.jpg]
[technext.github.io/enlight/img/gal_img_sm_2.jpg]
[technext.github.io/enlight/img/gal_img_full_3.jpg]
[technext.github.io/enlight/img/gal_img_sm_3.jpg]
[technext.github.io/enlight/img/gal_img_full_4.jpg]
[technext.github.io/enlight/img/gal_img_sm_4.jpg]
[technext.github.io/enlight/gallery.html]
[technext.github.io/enlight/news.html]
[technext.github.io/enlight/contact.html]
[technext.github.io/enlight/fonts/glyphicons-halflings-regular.html]
[technext.github.io/enlight/fonts/glyphicons-halflings-regulard41d.html]
[technext.github.io/enlight/fonts/glyphicons-halflings-regular-2.html]
[technext.github.io/enlight/fonts/glyphicons-halflings-regular-3.html]
[technext.github.io/enlight/fonts/glyphicons-halflings-regular-4.html]
[technext.github.io/enlight/fonts/glyphicons-halflings-regular-5.html]
[technext.github.io/enlight/fonts/icomoon/icomoon1ff5.svg]
[technext.github.io/enlight/css/owl.video.play.html]
[technext.github.io/enlight/css/default-skin/default-skin.svg]
